sources/app/game/mario_game/ma_game_mushroom.cpp:9:10:uint32_t gen_random_pos_mushroom()	8	static
sources/app/game/mario_game/ma_game_mushroom.cpp:15:6:void ma_game_mushroom_setup()	8	static
sources/app/game/mario_game/ma_game_mushroom.cpp:26:6:void ma_game_mushroom_run()	8	static
sources/app/game/mario_game/ma_game_mushroom.cpp:47:6:void ma_game_mushroom_crash()	8	static
sources/app/game/mario_game/ma_game_mushroom.cpp:105:6:void ma_game_mushroom_bullet_crash()	8	static
sources/app/game/mario_game/ma_game_mushroom.cpp:120:6:void ma_game_mushroom_reset()	0	static
sources/app/game/mario_game/ma_game_mushroom.cpp:126:6:void ma_game_mushroom_spawn()	16	static
sources/app/game/mario_game/ma_game_mushroom.cpp:138:6:void ma_game_mushroom_down()	0	static
sources/app/game/mario_game/ma_game_mushroom.cpp:153:6:void ma_game_mushroom_handler(ak_msg_t*)	8	static
