sources/app/game/mario_game/ma_game_mushroomsuper.cpp:9:6:void ma_game_mushroom_super_setup()	0	static
sources/app/game/mario_game/ma_game_mushroomsuper.cpp:16:6:void ma_game_mushroom_super_spawn()	0	static
sources/app/game/mario_game/ma_game_mushroomsuper.cpp:23:6:void ma_game_mushroom_super_update()	8	static
sources/app/game/mario_game/ma_game_mushroomsuper.cpp:45:6:void ma_game_mushroom_super_reset()	0	static
sources/app/game/mario_game/ma_game_mushroomsuper.cpp:49:6:void ma_game_mushroom_super_handler(ak_msg_t*)	8	static
