sources/app/game/mario_game/ma_game_mushroom.cpp:7:10:uint32_t gen_random_pos_mushroom(uint8_t)	16	static
sources/app/game/mario_game/ma_game_mushroom.cpp:24:6:void ma_game_mushroom_setup()	24	static
sources/app/game/mario_game/ma_game_mushroom.cpp:34:6:void ma_game_mushroom_run()	8	static
sources/app/game/mario_game/ma_game_mushroom.cpp:47:6:void ma_game_mushroom_crash()	8	static
sources/app/game/mario_game/ma_game_mushroom.cpp:67:6:void ma_game_mushroom_reset()	0	static
sources/app/game/mario_game/ma_game_mushroom.cpp:76:6:void ma_game_mushroom_spawn()	8	static
sources/app/game/mario_game/ma_game_mushroom.cpp:86:6:void ma_game_mushroom_handle(ak_msg_t*)	8	static
