sources/app/game/mario_game/ma_game_mushroomsuper.cpp:9:6:void ma_game_mushroom_super_setup()	0	static
sources/app/game/mario_game/ma_game_mushroomsuper.cpp:15:6:void ma_game_mushroom_super_spawn()	0	static
sources/app/game/mario_game/ma_game_mushroomsuper.cpp:20:6:void ma_game_mushroom_super_update()	0	static
sources/app/game/mario_game/ma_game_mushroomsuper.cpp:37:6:void ma_game_mushroom_super_reset()	0	static
sources/app/game/mario_game/ma_game_mushroomsuper.cpp:41:6:void ma_game_mushroom_super_handler(ak_msg_t*)	8	static
