sources/app/game/mario_game/ma_game_mario.cpp:9:6:void ma_game_mario_setup()	0	static
sources/app/game/mario_game/ma_game_mario.cpp:20:6:void ma_game_mario_crash()	24	static
sources/app/game/mario_game/ma_game_mario.cpp:35:6:void ma_game_mario_update()	0	static
sources/app/game/mario_game/ma_game_mario.cpp:42:6:void ma_game_mario_up()	20	static
sources/app/game/mario_game/ma_game_mario.cpp:68:6:void ma_game_mario_right()	0	static
sources/app/game/mario_game/ma_game_mario.cpp:78:6:void ma_game_mario_left()	0	static
sources/app/game/mario_game/ma_game_mario.cpp:85:6:void ma_game_mario_down()	0	static
sources/app/game/mario_game/ma_game_mario.cpp:104:6:void ma_game_mario_reset()	0	static
sources/app/game/mario_game/ma_game_mario.cpp:111:6:void ma_game_mario_get_big()	0	static
sources/app/game/mario_game/ma_game_mario.cpp:126:6:void ma_game_mario_handle(ak_msg_t*)	8	static
