sources/app/game/mario_game/ma_game_mario.cpp:20:6:void ma_game_mario_setup()	0	static
sources/app/game/mario_game/ma_game_mario.cpp:41:6:void ma_game_mario_crash()	0	static
sources/app/game/mario_game/ma_game_mario.cpp:136:6:void ma_game_mario_update()	8	static
sources/app/game/mario_game/ma_game_mario.cpp:188:6:void ma_game_mario_up()	20	static
sources/app/game/mario_game/ma_game_mario.cpp:210:6:void ma_game_mario_right()	0	static
sources/app/game/mario_game/ma_game_mario.cpp:223:6:void ma_game_mario_left()	0	static
sources/app/game/mario_game/ma_game_mario.cpp:233:6:void ma_game_mario_down()	8	static
sources/app/game/mario_game/ma_game_mario.cpp:281:6:void ma_game_mario_reset()	0	static
sources/app/game/mario_game/ma_game_mario.cpp:287:6:void ma_game_mario_get_item()	0	static
/home/longph19/Workspace/Tools/gcc-arm-none-eabi-10.3-2021.10-x86_64-linux/gcc-arm-none-eabi-10.3-2021.10/arm-none-eabi/include/c++/10.3.1/bits/vector.tcc:171:5:std::vector<_Tp, _Alloc>::iterator std::vector<_Tp, _Alloc>::_M_erase(std::vector<_Tp, _Alloc>::iterator) [with _Tp = ma_game_boss_bullet_t; _Alloc = std::allocator<ma_game_boss_bullet_t>]	8	static
sources/app/game/mario_game/ma_game_mario.cpp:95:6:void ma_game_mario_boss_bullet_crash()	24	static
sources/app/game/mario_game/ma_game_mario.cpp:327:6:void ma_game_mario_handler(ak_msg_t*)	8	static
