sources/app/game/mario_game/ma_game_boss.cpp:10:6:void ma_game_boss_setup()	0	static
sources/app/game/mario_game/ma_game_boss.cpp:23:6:void ma_game_boss_spawn()	0	static
sources/app/game/mario_game/ma_game_boss.cpp:29:6:void boss_run_left()	0	static
sources/app/game/mario_game/ma_game_boss.cpp:33:6:void boss_run_right()	0	static
sources/app/game/mario_game/ma_game_boss.cpp:37:6:void boss_jump()	0	static
sources/app/game/mario_game/ma_game_boss.cpp:44:6:void boss_shoot()	0	static
sources/app/game/mario_game/ma_game_boss.cpp:48:6:void ma_game_boss_update()	16	static
sources/app/game/mario_game/ma_game_boss.cpp:85:6:void ma_game_boss_down()	0	static
sources/app/game/mario_game/ma_game_boss.cpp:95:6:void ma_game_boss_bullet_get_hit()	8	static
sources/app/game/mario_game/ma_game_boss.cpp:111:6:void ma_game_boss_reset()	0	static
sources/app/game/mario_game/ma_game_boss.cpp:116:6:void ma_game_boss_handler(ak_msg_t*)	8	static
