sources/app/screens/scr_mario_game.cpp:30:6:void ma_game_ground_display()	40	static
sources/app/screens/scr_mario_game.cpp:50:6:void ma_game_warning_display()	24	static
sources/app/screens/scr_mario_game.cpp:65:6:void ma_game_mario_display()	24	static
sources/app/screens/scr_mario_game.cpp:100:6:void ma_game_brick_display()	24	static
sources/app/screens/scr_mario_game.cpp:108:6:void ma_game_block_display()	40	static
sources/app/screens/scr_mario_game.cpp:133:6:void ma_game_mushroom_display()	24	static
sources/app/screens/scr_mario_game.cpp:140:6:void ma_game_mushroom_super_display()	24	static
sources/app/screens/scr_mario_game.cpp:146:6:void ma_game_fire_flower_display()	24	static
sources/app/screens/scr_mario_game.cpp:152:6:void ma_game_bullet_display()	24	static
sources/app/screens/scr_mario_game.cpp:158:6:void ma_game_boss_display()	24	static
sources/app/screens/scr_mario_game.cpp:164:6:void ma_game_boss_live_display()	32	static
sources/app/screens/scr_mario_game.cpp:175:6:void ma_game_boss_bullet_display()	32	static
sources/app/screens/scr_mario_game.cpp:257:6:void scr_mario_game_handler(ak_msg_t*)	8	static
sources/app/screens/scr_mario_game.cpp:56:6:void ma_game_frame_display()	24	static
sources/app/screens/scr_mario_game.cpp:200:6:void view_scr_mario_game()	8	static
