sources/app/screens/scr_mario_game.cpp:20:6:void ma_game_ground_display()	32	static
sources/app/screens/scr_mario_game.cpp:33:6:void ma_game_mario_display()	24	static
sources/app/screens/scr_mario_game.cpp:44:6:void ma_game_block_display()	40	static
sources/app/screens/scr_mario_game.cpp:63:6:void ma_game_mushroom_display()	24	static
sources/app/screens/scr_mario_game.cpp:71:6:void ma_game_mushroom_super_display()	24	static
sources/app/screens/scr_mario_game.cpp:135:6:void scr_mario_game_handle(ak_msg_t*)	8	static
sources/app/screens/scr_mario_game.cpp:27:6:void ma_game_frame_display()	16	static
sources/app/screens/scr_mario_game.cpp:94:6:void view_scr_mario_game()	8	static
